
Discarded input sections

 .group         0x00000000        0xc CMakeFiles/stm32_template.dir/stm32/startup/startup_stm32f10x_md.c.obj
 .text          0x00000000        0x0 CMakeFiles/stm32_template.dir/stm32/startup/startup_stm32f10x_md.c.obj
 .data          0x00000000        0x0 CMakeFiles/stm32_template.dir/stm32/startup/startup_stm32f10x_md.c.obj
 .bss           0x00000000        0x0 CMakeFiles/stm32_template.dir/stm32/startup/startup_stm32f10x_md.c.obj
 .group         0x00000000        0xc CMakeFiles/stm32_template.dir/stm32/system_stm32f10x.c.obj
 .group         0x00000000        0xc CMakeFiles/stm32_template.dir/stm32/system_stm32f10x.c.obj
 .group         0x00000000        0xc CMakeFiles/stm32_template.dir/stm32/system_stm32f10x.c.obj
 .group         0x00000000        0xc CMakeFiles/stm32_template.dir/stm32/system_stm32f10x.c.obj
 .group         0x00000000        0xc CMakeFiles/stm32_template.dir/stm32/system_stm32f10x.c.obj
 .group         0x00000000        0xc CMakeFiles/stm32_template.dir/stm32/system_stm32f10x.c.obj
 .group         0x00000000        0xc CMakeFiles/stm32_template.dir/stm32/system_stm32f10x.c.obj
 .text          0x00000000        0x0 CMakeFiles/stm32_template.dir/stm32/system_stm32f10x.c.obj
 .data          0x00000000        0x0 CMakeFiles/stm32_template.dir/stm32/system_stm32f10x.c.obj
 .bss           0x00000000        0x0 CMakeFiles/stm32_template.dir/stm32/system_stm32f10x.c.obj
 .text.SystemCoreClockUpdate
                0x00000000       0x5c CMakeFiles/stm32_template.dir/stm32/system_stm32f10x.c.obj
 .rodata.AHBPrescTable
                0x00000000       0x10 CMakeFiles/stm32_template.dir/stm32/system_stm32f10x.c.obj
 .data.SystemCoreClock
                0x00000000        0x4 CMakeFiles/stm32_template.dir/stm32/system_stm32f10x.c.obj
 .debug_macro   0x00000000      0xac0 CMakeFiles/stm32_template.dir/stm32/system_stm32f10x.c.obj
 .group         0x00000000        0xc CMakeFiles/stm32_template.dir/syscalls/syscalls.c.obj
 .group         0x00000000        0xc CMakeFiles/stm32_template.dir/syscalls/syscalls.c.obj
 .group         0x00000000        0xc CMakeFiles/stm32_template.dir/syscalls/syscalls.c.obj
 .group         0x00000000        0xc CMakeFiles/stm32_template.dir/syscalls/syscalls.c.obj
 .group         0x00000000        0xc CMakeFiles/stm32_template.dir/syscalls/syscalls.c.obj
 .group         0x00000000        0xc CMakeFiles/stm32_template.dir/syscalls/syscalls.c.obj
 .group         0x00000000        0xc CMakeFiles/stm32_template.dir/syscalls/syscalls.c.obj
 .group         0x00000000        0xc CMakeFiles/stm32_template.dir/syscalls/syscalls.c.obj
 .group         0x00000000        0xc CMakeFiles/stm32_template.dir/syscalls/syscalls.c.obj
 .group         0x00000000        0xc CMakeFiles/stm32_template.dir/syscalls/syscalls.c.obj
 .group         0x00000000        0xc CMakeFiles/stm32_template.dir/syscalls/syscalls.c.obj
 .group         0x00000000        0xc CMakeFiles/stm32_template.dir/syscalls/syscalls.c.obj
 .group         0x00000000        0xc CMakeFiles/stm32_template.dir/syscalls/syscalls.c.obj
 .group         0x00000000        0xc CMakeFiles/stm32_template.dir/syscalls/syscalls.c.obj
 .group         0x00000000        0xc CMakeFiles/stm32_template.dir/syscalls/syscalls.c.obj
 .group         0x00000000        0xc CMakeFiles/stm32_template.dir/syscalls/syscalls.c.obj
 .group         0x00000000        0xc CMakeFiles/stm32_template.dir/syscalls/syscalls.c.obj
 .group         0x00000000        0xc CMakeFiles/stm32_template.dir/syscalls/syscalls.c.obj
 .group         0x00000000        0xc CMakeFiles/stm32_template.dir/syscalls/syscalls.c.obj
 .group         0x00000000        0xc CMakeFiles/stm32_template.dir/syscalls/syscalls.c.obj
 .group         0x00000000        0xc CMakeFiles/stm32_template.dir/syscalls/syscalls.c.obj
 .group         0x00000000        0xc CMakeFiles/stm32_template.dir/syscalls/syscalls.c.obj
 .group         0x00000000        0xc CMakeFiles/stm32_template.dir/syscalls/syscalls.c.obj
 .group         0x00000000        0xc CMakeFiles/stm32_template.dir/syscalls/syscalls.c.obj
 .group         0x00000000        0xc CMakeFiles/stm32_template.dir/syscalls/syscalls.c.obj
 .group         0x00000000        0xc CMakeFiles/stm32_template.dir/syscalls/syscalls.c.obj
 .group         0x00000000        0xc CMakeFiles/stm32_template.dir/syscalls/syscalls.c.obj
 .group         0x00000000        0xc CMakeFiles/stm32_template.dir/syscalls/syscalls.c.obj
 .group         0x00000000        0xc CMakeFiles/stm32_template.dir/syscalls/syscalls.c.obj
 .group         0x00000000        0xc CMakeFiles/stm32_template.dir/syscalls/syscalls.c.obj
 .group         0x00000000        0xc CMakeFiles/stm32_template.dir/syscalls/syscalls.c.obj
 .group         0x00000000        0xc CMakeFiles/stm32_template.dir/syscalls/syscalls.c.obj
 .text          0x00000000        0x0 CMakeFiles/stm32_template.dir/syscalls/syscalls.c.obj
 .data          0x00000000        0x0 CMakeFiles/stm32_template.dir/syscalls/syscalls.c.obj
 .bss           0x00000000        0x0 CMakeFiles/stm32_template.dir/syscalls/syscalls.c.obj
 .text._sbrk    0x00000000       0x1c CMakeFiles/stm32_template.dir/syscalls/syscalls.c.obj
 .text.link     0x00000000        0x8 CMakeFiles/stm32_template.dir/syscalls/syscalls.c.obj
 .text._close   0x00000000        0x8 CMakeFiles/stm32_template.dir/syscalls/syscalls.c.obj
 .text._fstat   0x00000000        0xc CMakeFiles/stm32_template.dir/syscalls/syscalls.c.obj
 .text._isatty  0x00000000        0x4 CMakeFiles/stm32_template.dir/syscalls/syscalls.c.obj
 .text._lseek   0x00000000        0x4 CMakeFiles/stm32_template.dir/syscalls/syscalls.c.obj
 .text._read    0x00000000        0x4 CMakeFiles/stm32_template.dir/syscalls/syscalls.c.obj
 .text._write   0x00000000        0x4 CMakeFiles/stm32_template.dir/syscalls/syscalls.c.obj
 .text.abort    0x00000000        0x4 CMakeFiles/stm32_template.dir/syscalls/syscalls.c.obj
 .bss.heap.0    0x00000000        0x4 CMakeFiles/stm32_template.dir/syscalls/syscalls.c.obj
 .debug_info    0x00000000      0x4ab CMakeFiles/stm32_template.dir/syscalls/syscalls.c.obj
 .debug_abbrev  0x00000000      0x194 CMakeFiles/stm32_template.dir/syscalls/syscalls.c.obj
 .debug_loclists
                0x00000000       0xe6 CMakeFiles/stm32_template.dir/syscalls/syscalls.c.obj
 .debug_aranges
                0x00000000       0x60 CMakeFiles/stm32_template.dir/syscalls/syscalls.c.obj
 .debug_rnglists
                0x00000000       0x43 CMakeFiles/stm32_template.dir/syscalls/syscalls.c.obj
 .debug_macro   0x00000000      0x17f CMakeFiles/stm32_template.dir/syscalls/syscalls.c.obj
 .debug_macro   0x00000000      0xac0 CMakeFiles/stm32_template.dir/syscalls/syscalls.c.obj
 .debug_macro   0x00000000       0x22 CMakeFiles/stm32_template.dir/syscalls/syscalls.c.obj
 .debug_macro   0x00000000       0x75 CMakeFiles/stm32_template.dir/syscalls/syscalls.c.obj
 .debug_macro   0x00000000       0x24 CMakeFiles/stm32_template.dir/syscalls/syscalls.c.obj
 .debug_macro   0x00000000       0x5c CMakeFiles/stm32_template.dir/syscalls/syscalls.c.obj
 .debug_macro   0x00000000       0x3c CMakeFiles/stm32_template.dir/syscalls/syscalls.c.obj
 .debug_macro   0x00000000       0x34 CMakeFiles/stm32_template.dir/syscalls/syscalls.c.obj
 .debug_macro   0x00000000       0x16 CMakeFiles/stm32_template.dir/syscalls/syscalls.c.obj
 .debug_macro   0x00000000       0x57 CMakeFiles/stm32_template.dir/syscalls/syscalls.c.obj
 .debug_macro   0x00000000       0x9e CMakeFiles/stm32_template.dir/syscalls/syscalls.c.obj
 .debug_macro   0x00000000      0x372 CMakeFiles/stm32_template.dir/syscalls/syscalls.c.obj
 .debug_macro   0x00000000      0x10b CMakeFiles/stm32_template.dir/syscalls/syscalls.c.obj
 .debug_macro   0x00000000       0x10 CMakeFiles/stm32_template.dir/syscalls/syscalls.c.obj
 .debug_macro   0x00000000       0x16 CMakeFiles/stm32_template.dir/syscalls/syscalls.c.obj
 .debug_macro   0x00000000       0x4a CMakeFiles/stm32_template.dir/syscalls/syscalls.c.obj
 .debug_macro   0x00000000       0x34 CMakeFiles/stm32_template.dir/syscalls/syscalls.c.obj
 .debug_macro   0x00000000       0x10 CMakeFiles/stm32_template.dir/syscalls/syscalls.c.obj
 .debug_macro   0x00000000       0x58 CMakeFiles/stm32_template.dir/syscalls/syscalls.c.obj
 .debug_macro   0x00000000      0x1e5 CMakeFiles/stm32_template.dir/syscalls/syscalls.c.obj
 .debug_macro   0x00000000       0x16 CMakeFiles/stm32_template.dir/syscalls/syscalls.c.obj
 .debug_macro   0x00000000       0x16 CMakeFiles/stm32_template.dir/syscalls/syscalls.c.obj
 .debug_macro   0x00000000      0x12a CMakeFiles/stm32_template.dir/syscalls/syscalls.c.obj
 .debug_macro   0x00000000       0x52 CMakeFiles/stm32_template.dir/syscalls/syscalls.c.obj
 .debug_macro   0x00000000       0x10 CMakeFiles/stm32_template.dir/syscalls/syscalls.c.obj
 .debug_macro   0x00000000       0x6a CMakeFiles/stm32_template.dir/syscalls/syscalls.c.obj
 .debug_macro   0x00000000       0x9e CMakeFiles/stm32_template.dir/syscalls/syscalls.c.obj
 .debug_macro   0x00000000       0x16 CMakeFiles/stm32_template.dir/syscalls/syscalls.c.obj
 .debug_macro   0x00000000       0x3c CMakeFiles/stm32_template.dir/syscalls/syscalls.c.obj
 .debug_macro   0x00000000       0x10 CMakeFiles/stm32_template.dir/syscalls/syscalls.c.obj
 .debug_macro   0x00000000       0x10 CMakeFiles/stm32_template.dir/syscalls/syscalls.c.obj
 .debug_macro   0x00000000       0x2e CMakeFiles/stm32_template.dir/syscalls/syscalls.c.obj
 .debug_macro   0x00000000      0x102 CMakeFiles/stm32_template.dir/syscalls/syscalls.c.obj
 .debug_line    0x00000000      0x3d9 CMakeFiles/stm32_template.dir/syscalls/syscalls.c.obj
 .debug_str     0x00000000     0x6fa2 CMakeFiles/stm32_template.dir/syscalls/syscalls.c.obj
 .comment       0x00000000       0x47 CMakeFiles/stm32_template.dir/syscalls/syscalls.c.obj
 .debug_frame   0x00000000       0xa0 CMakeFiles/stm32_template.dir/syscalls/syscalls.c.obj
 .ARM.attributes
                0x00000000       0x2d CMakeFiles/stm32_template.dir/syscalls/syscalls.c.obj
 .group         0x00000000        0xc CMakeFiles/stm32_template.dir/main.c.obj
 .group         0x00000000        0xc CMakeFiles/stm32_template.dir/main.c.obj
 .group         0x00000000        0xc CMakeFiles/stm32_template.dir/main.c.obj
 .group         0x00000000        0xc CMakeFiles/stm32_template.dir/main.c.obj
 .group         0x00000000        0xc CMakeFiles/stm32_template.dir/main.c.obj
 .group         0x00000000        0xc CMakeFiles/stm32_template.dir/main.c.obj
 .group         0x00000000        0xc CMakeFiles/stm32_template.dir/main.c.obj
 .text          0x00000000        0x0 CMakeFiles/stm32_template.dir/main.c.obj
 .data          0x00000000        0x0 CMakeFiles/stm32_template.dir/main.c.obj
 .bss           0x00000000        0x0 CMakeFiles/stm32_template.dir/main.c.obj
 .text.delay    0x00000000       0x10 CMakeFiles/stm32_template.dir/main.c.obj
 .debug_macro   0x00000000      0xac0 CMakeFiles/stm32_template.dir/main.c.obj
 .debug_macro   0x00000000      0x34e CMakeFiles/stm32_template.dir/main.c.obj
 .debug_macro   0x00000000       0x56 CMakeFiles/stm32_template.dir/main.c.obj
 .debug_macro   0x00000000       0x3a CMakeFiles/stm32_template.dir/main.c.obj
 .debug_macro   0x00000000       0x18 CMakeFiles/stm32_template.dir/main.c.obj
 .debug_macro   0x00000000      0xa8b CMakeFiles/stm32_template.dir/main.c.obj
 .debug_macro   0x00000000     0x7def CMakeFiles/stm32_template.dir/main.c.obj

Memory Configuration

Name             Origin             Length             Attributes
rom              0x08000000         0x0000fc00         xr
flash            0x0800fc00         0x00000400         xrw
ram              0x20000000         0x00005000         xrw
*default*        0x00000000         0xffffffff

Linker script and memory map

                0x00010000                        __mcu_flash_size = 0x10000
                0x00005000                        __mcu_ram_size = 0x5000
                0x00000400                        __mcu_flash_page_size = 0x400
                0x00000001                        __mcu_flash_eeprom_pages = 0x1
                0x00000000                        _Min_Heap_Size = 0x0
                0x00000100                        _Min_Stack_Size = 0x100
                0x08000000                        __mcu_flash_rom_offset = 0x8000000
                0x20000000                        __mcu_ram_offset = 0x20000000
                0x00000400                        __mcu_flash_eeprom_size = (__mcu_flash_eeprom_pages * __mcu_flash_page_size)
                0x0000fc00                        __mcu_flash_rom_size = (__mcu_flash_size - __mcu_flash_eeprom_size)
                0x0800fc00                        __mcu_flash_eeprom_offset = (__mcu_flash_rom_offset + __mcu_flash_rom_size)
                0x20005000                        _estack = (__mcu_ram_offset + __mcu_ram_size)

.text           0x08000000      0x2f0
 *(.isr_vector .isr_vector.*)
 .isr_vector    0x08000000      0x10c CMakeFiles/stm32_template.dir/stm32/startup/startup_stm32f10x_md.c.obj
                0x08000000                g_pfnVectors
 *(.text .text.* .gnu.linkonce.t.*)
 .text.Default_Handler
                0x0800010c        0x4 CMakeFiles/stm32_template.dir/stm32/startup/startup_stm32f10x_md.c.obj
                0x0800010c                USBWakeUp_IRQHandler
                0x0800010c                DebugMon_Handler
                0x0800010c                TIM1_CC_IRQHandler
                0x0800010c                HardFault_Handler
                0x0800010c                SysTick_Handler
                0x0800010c                PVD_IRQHandler
                0x0800010c                PendSV_Handler
                0x0800010c                NMI_Handler
                0x0800010c                EXTI3_IRQHandler
                0x0800010c                EXTI0_IRQHandler
                0x0800010c                I2C2_EV_IRQHandler
                0x0800010c                UsageFault_Handler
                0x0800010c                ADC1_2_IRQHandler
                0x0800010c                SPI1_IRQHandler
                0x0800010c                TAMPER_IRQHandler
                0x0800010c                DMA1_Channel4_IRQHandler
                0x0800010c                USART3_IRQHandler
                0x0800010c                RTC_IRQHandler
                0x0800010c                DMA1_Channel7_IRQHandler
                0x0800010c                CAN1_RX1_IRQHandler
                0x0800010c                TIM4_IRQHandler
                0x0800010c                I2C1_EV_IRQHandler
                0x0800010c                DMA1_Channel6_IRQHandler
                0x0800010c                TIM3_IRQHandler
                0x0800010c                RCC_IRQHandler
                0x0800010c                TIM1_TRG_COM_IRQHandler
                0x0800010c                DMA1_Channel1_IRQHandler
                0x0800010c                EXTI15_10_IRQHandler
                0x0800010c                EXTI9_5_IRQHandler
                0x0800010c                SPI2_IRQHandler
                0x0800010c                MemManage_Handler
                0x0800010c                SVC_Handler
                0x0800010c                DMA1_Channel5_IRQHandler
                0x0800010c                EXTI4_IRQHandler
                0x0800010c                USB_LP_CAN1_RX0_IRQHandler
                0x0800010c                USB_HP_CAN1_TX_IRQHandler
                0x0800010c                DMA1_Channel3_IRQHandler
                0x0800010c                TIM1_UP_IRQHandler
                0x0800010c                WWDG_IRQHandler
                0x0800010c                TIM2_IRQHandler
                0x0800010c                TIM1_BRK_IRQHandler
                0x0800010c                EXTI1_IRQHandler
                0x0800010c                RTCAlarm_IRQHandler
                0x0800010c                USART2_IRQHandler
                0x0800010c                I2C2_ER_IRQHandler
                0x0800010c                DMA1_Channel2_IRQHandler
                0x0800010c                CAN1_SCE_IRQHandler
                0x0800010c                FLASH_IRQHandler
                0x0800010c                BusFault_Handler
                0x0800010c                USART1_IRQHandler
                0x0800010c                I2C1_ER_IRQHandler
                0x0800010c                EXTI2_IRQHandler
 .text.Default_Reset_Handler
                0x08000110       0x84 CMakeFiles/stm32_template.dir/stm32/startup/startup_stm32f10x_md.c.obj
                0x08000110                Reset_Handler
                0x08000110                Default_Reset_Handler
 .text.SystemInit
                0x08000194      0x104 CMakeFiles/stm32_template.dir/stm32/system_stm32f10x.c.obj
                0x08000194                SystemInit
 .text.startup.main
                0x08000298       0x58 CMakeFiles/stm32_template.dir/main.c.obj
                0x08000298                main
 *(.glue_7t)
 .glue_7t       0x080002f0        0x0 linker stubs
 *(.glue_7)
 .glue_7        0x080002f0        0x0 linker stubs
 *(.rodata .rodata* .gnu.linkonce.r.*)

.vfp11_veneer   0x080002f0        0x0
 .vfp11_veneer  0x080002f0        0x0 linker stubs

.v4_bx          0x080002f0        0x0
 .v4_bx         0x080002f0        0x0 linker stubs

.iplt           0x080002f0        0x0
 .iplt          0x080002f0        0x0 CMakeFiles/stm32_template.dir/stm32/startup/startup_stm32f10x_md.c.obj

.rel.dyn        0x080002f0        0x0
 .rel.iplt      0x080002f0        0x0 CMakeFiles/stm32_template.dir/stm32/startup/startup_stm32f10x_md.c.obj

.ARM.extab
 *(.ARM.extab* .gnu.linkonce.armextab.*)

.ARM.exidx
 *(.ARM.exidx* .gnu.linkonce.armexidx.*)
                0x080002f0                        . = ALIGN (0x4)
                0x080002f0                        _etext = .
                0x080002f0                        _sidata = .

.data           0x20000000        0x0 load address 0x080002f0
                0x20000000                        _sdata = .
 *(.data .data.*)
                0x20000000                        . = ALIGN (0x4)
                0x20000000                        _edata = .

.igot.plt       0x20000000        0x0
 .igot.plt      0x20000000        0x0 CMakeFiles/stm32_template.dir/stm32/startup/startup_stm32f10x_md.c.obj

.bss            0x20000000        0x0
                0x20000000                        _sbss = .
 *(.bss .bss.*)
 *(COMMON)
                0x20000000                        . = ALIGN (0x4)
                0x20000000                        _ebss = .

.ram_storage    0x20000000        0x0
                0x20000000                        . = ALIGN (0x4)
 *(.ram_storage .ram_storage.*)

.co_stack       0x20000000      0x400
                0x20000000                        . = ALIGN (0x8)
 *(.co_stack .co_stack.*)
 .co_stack      0x20000000      0x400 CMakeFiles/stm32_template.dir/stm32/startup/startup_stm32f10x_md.c.obj
                0x20000000                pulStack
                0x20000400                        . = ALIGN (0x4)
                0x20000400                        _end = .
LOAD CMakeFiles/stm32_template.dir/stm32/startup/startup_stm32f10x_md.c.obj
LOAD CMakeFiles/stm32_template.dir/stm32/system_stm32f10x.c.obj
LOAD CMakeFiles/stm32_template.dir/syscalls/syscalls.c.obj
LOAD CMakeFiles/stm32_template.dir/main.c.obj
LOAD /Applications/ArmGNUToolchain/14.3.rel1/arm-none-eabi/bin/../lib/gcc/arm-none-eabi/14.3.1/thumb/v7-m/nofp/libgcc.a
LOAD /Applications/ArmGNUToolchain/14.3.rel1/arm-none-eabi/bin/../lib/gcc/arm-none-eabi/14.3.1/../../../../arm-none-eabi/lib/thumb/v7-m/nofp/libm.a
OUTPUT(build/stm32_template.elf elf32-littlearm)
LOAD linker stubs

.debug_info     0x00000000      0x853
 .debug_info    0x00000000      0x125 CMakeFiles/stm32_template.dir/stm32/startup/startup_stm32f10x_md.c.obj
 .debug_info    0x00000125      0x48a CMakeFiles/stm32_template.dir/stm32/system_stm32f10x.c.obj
 .debug_info    0x000005af      0x2a4 CMakeFiles/stm32_template.dir/main.c.obj

.debug_abbrev   0x00000000      0x439
 .debug_abbrev  0x00000000      0x106 CMakeFiles/stm32_template.dir/stm32/startup/startup_stm32f10x_md.c.obj
 .debug_abbrev  0x00000106      0x1b5 CMakeFiles/stm32_template.dir/stm32/system_stm32f10x.c.obj
 .debug_abbrev  0x000002bb      0x17e CMakeFiles/stm32_template.dir/main.c.obj

.debug_loclists
                0x00000000      0x10f
 .debug_loclists
                0x00000000       0x38 CMakeFiles/stm32_template.dir/stm32/startup/startup_stm32f10x_md.c.obj
 .debug_loclists
                0x00000038       0x8e CMakeFiles/stm32_template.dir/stm32/system_stm32f10x.c.obj
 .debug_loclists
                0x000000c6       0x49 CMakeFiles/stm32_template.dir/main.c.obj

.debug_aranges  0x00000000       0x78
 .debug_aranges
                0x00000000       0x28 CMakeFiles/stm32_template.dir/stm32/startup/startup_stm32f10x_md.c.obj
 .debug_aranges
                0x00000028       0x28 CMakeFiles/stm32_template.dir/stm32/system_stm32f10x.c.obj
 .debug_aranges
                0x00000050       0x28 CMakeFiles/stm32_template.dir/main.c.obj

.debug_rnglists
                0x00000000       0x5d
 .debug_rnglists
                0x00000000       0x19 CMakeFiles/stm32_template.dir/stm32/startup/startup_stm32f10x_md.c.obj
 .debug_rnglists
                0x00000019       0x2b CMakeFiles/stm32_template.dir/stm32/system_stm32f10x.c.obj
 .debug_rnglists
                0x00000044       0x19 CMakeFiles/stm32_template.dir/main.c.obj

.debug_macro    0x00000000     0x9818
 .debug_macro   0x00000000       0x1d CMakeFiles/stm32_template.dir/stm32/startup/startup_stm32f10x_md.c.obj
 .debug_macro   0x0000001d      0xac0 CMakeFiles/stm32_template.dir/stm32/startup/startup_stm32f10x_md.c.obj
 .debug_macro   0x00000add       0x6c CMakeFiles/stm32_template.dir/stm32/system_stm32f10x.c.obj
 .debug_macro   0x00000b49       0x56 CMakeFiles/stm32_template.dir/stm32/system_stm32f10x.c.obj
 .debug_macro   0x00000b9f       0x3a CMakeFiles/stm32_template.dir/stm32/system_stm32f10x.c.obj
 .debug_macro   0x00000bd9      0x34e CMakeFiles/stm32_template.dir/stm32/system_stm32f10x.c.obj
 .debug_macro   0x00000f27       0x18 CMakeFiles/stm32_template.dir/stm32/system_stm32f10x.c.obj
 .debug_macro   0x00000f3f      0xa8b CMakeFiles/stm32_template.dir/stm32/system_stm32f10x.c.obj
 .debug_macro   0x000019ca     0x7def CMakeFiles/stm32_template.dir/stm32/system_stm32f10x.c.obj
 .debug_macro   0x000097b9       0x5f CMakeFiles/stm32_template.dir/main.c.obj

.debug_line     0x00000000      0x71d
 .debug_line    0x00000000       0xdd CMakeFiles/stm32_template.dir/stm32/startup/startup_stm32f10x_md.c.obj
 .debug_line    0x000000dd      0x3b1 CMakeFiles/stm32_template.dir/stm32/system_stm32f10x.c.obj
 .debug_line    0x0000048e      0x28f CMakeFiles/stm32_template.dir/main.c.obj

.debug_str      0x00000000    0x334e5
 .debug_str     0x00000000    0x334e5 CMakeFiles/stm32_template.dir/stm32/startup/startup_stm32f10x_md.c.obj
                               0x2f03 (size before relaxing)
 .debug_str     0x000334e5    0x3351e CMakeFiles/stm32_template.dir/stm32/system_stm32f10x.c.obj
 .debug_str     0x000334e5    0x333e7 CMakeFiles/stm32_template.dir/main.c.obj

.comment        0x00000000       0x46
 .comment       0x00000000       0x46 CMakeFiles/stm32_template.dir/stm32/startup/startup_stm32f10x_md.c.obj
                                 0x47 (size before relaxing)
 .comment       0x00000046       0x47 CMakeFiles/stm32_template.dir/stm32/system_stm32f10x.c.obj
 .comment       0x00000046       0x47 CMakeFiles/stm32_template.dir/main.c.obj

.ARM.attributes
                0x00000000       0x2d
 .ARM.attributes
                0x00000000       0x2d CMakeFiles/stm32_template.dir/stm32/startup/startup_stm32f10x_md.c.obj
 .ARM.attributes
                0x0000002d       0x2d CMakeFiles/stm32_template.dir/stm32/system_stm32f10x.c.obj
 .ARM.attributes
                0x0000005a       0x2d CMakeFiles/stm32_template.dir/main.c.obj

.debug_frame    0x00000000       0xb8
 .debug_frame   0x00000000       0x44 CMakeFiles/stm32_template.dir/stm32/startup/startup_stm32f10x_md.c.obj
 .debug_frame   0x00000044       0x44 CMakeFiles/stm32_template.dir/stm32/system_stm32f10x.c.obj
 .debug_frame   0x00000088       0x30 CMakeFiles/stm32_template.dir/main.c.obj
